// Jest Snapshot v1, https://goo.gl/fbAQLP

exports[`<Card /> should show > 1 movie images in the DOM 1`] = `
Array [
  <article
    data-testid="image"
  >
    <svg
      aria-labelledby="fc7i533-aria"
      height="340"
      peed="2"
      role="img"
      style="width: 100%;"
      viewBox="0 0 100 80"
      width="425"
    >
      <title
        id="fc7i533-aria"
      >
        Loading...
      </title>
      <rect
        clip-path="url(#fc7i533-diff)"
        height="100%"
        role="presentation"
        style="fill: url(#fc7i533-animated-diff);"
        width="100%"
        x="0"
        y="0"
      />
      <defs>
        <clippath
          id="fc7i533-diff"
        >
          <rect
            height="340"
            rx="2"
            ry="2"
            width="425"
            x="0"
            y="0"
          />
        </clippath>
        <lineargradient
          id="fc7i533-animated-diff"
        >
          <stop
            offset="0%"
            stop-color="#333"
            stop-opacity="1"
          >
            <animate
              attributeName="offset"
              dur="1.2s"
              keyTimes="0; 0.25; 1"
              repeatCount="indefinite"
              values="-2; -2; 1"
            />
          </stop>
          <stop
            offset="50%"
            stop-color="#555"
            stop-opacity="1"
          >
            <animate
              attributeName="offset"
              dur="1.2s"
              keyTimes="0; 0.25; 1"
              repeatCount="indefinite"
              values="-1; -1; 2"
            />
          </stop>
          <stop
            offset="100%"
            stop-color="#333"
            stop-opacity="1"
          >
            <animate
              attributeName="offset"
              dur="1.2s"
              keyTimes="0; 0.25; 1"
              repeatCount="indefinite"
              values="0; 0; 3"
            />
          </stop>
        </lineargradient>
      </defs>
    </svg>
  </article>,
]
`;
